// Jest Snapshot v1, https://goo.gl/fbAQLP

exports[`Component: Button should match snapshot 1`] = `
<div>
  <button
    class="swatch"
  >
    <div
      class="swatch__color"
      style="background-color: rgb(0, 0, 0);"
    />
    <p
      class="swatch__label"
    >
      rgb(0, 0, 0)
    </p>
  </button>
</div>
`;
